------------------------------------------------------------
Timing Analyzer Summary
------------------------------------------------------------

Type  : Slow 1200mV 85C Model Setup 'decoder:inst1|ALUC[0]'
Slack : -11.404
TNS   : -11.404

Type  : Slow 1200mV 85C Model Setup 'decoder:inst1|MR'
Slack : -7.169
TNS   : -152.207

Type  : Slow 1200mV 85C Model Setup 'clk_pc'
Slack : -6.409
TNS   : -174.331

Type  : Slow 1200mV 85C Model Setup 'clk_reg'
Slack : -5.686
TNS   : -50.712

Type  : Slow 1200mV 85C Model Setup 'rom1:inst|altsyncram:altsyncram_component|altsyncram_mr91:auto_generated|ram_block1a0~porta_address_reg0'
Slack : -5.019
TNS   : -65.305

Type  : Slow 1200mV 85C Model Hold 'rom1:inst|altsyncram:altsyncram_component|altsyncram_mr91:auto_generated|ram_block1a0~porta_address_reg0'
Slack : -2.441
TNS   : -19.866

Type  : Slow 1200mV 85C Model Hold 'decoder:inst1|MR'
Slack : -0.019
TNS   : -0.041

Type  : Slow 1200mV 85C Model Hold 'decoder:inst1|ALUC[0]'
Slack : 0.048
TNS   : 0.000

Type  : Slow 1200mV 85C Model Hold 'clk_pc'
Slack : 0.328
TNS   : 0.000

Type  : Slow 1200mV 85C Model Hold 'clk_reg'
Slack : 0.815
TNS   : 0.000

Type  : Slow 1200mV 85C Model Minimum Pulse Width 'clk_reg'
Slack : -3.000
TNS   : -55.176

Type  : Slow 1200mV 85C Model Minimum Pulse Width 'clk_pc'
Slack : -3.000
TNS   : -35.348

Type  : Slow 1200mV 85C Model Minimum Pulse Width 'rom1:inst|altsyncram:altsyncram_component|altsyncram_mr91:auto_generated|ram_block1a0~porta_address_reg0'
Slack : -0.492
TNS   : -29.002

Type  : Slow 1200mV 85C Model Minimum Pulse Width 'decoder:inst1|ALUC[0]'
Slack : 0.424
TNS   : 0.000

Type  : Slow 1200mV 85C Model Minimum Pulse Width 'decoder:inst1|MR'
Slack : 0.457
TNS   : 0.000

Type  : Slow 1200mV 0C Model Setup 'decoder:inst1|ALUC[0]'
Slack : -10.115
TNS   : -10.115

Type  : Slow 1200mV 0C Model Setup 'decoder:inst1|MR'
Slack : -6.407
TNS   : -135.675

Type  : Slow 1200mV 0C Model Setup 'clk_pc'
Slack : -5.698
TNS   : -154.259

Type  : Slow 1200mV 0C Model Setup 'clk_reg'
Slack : -5.044
TNS   : -43.497

Type  : Slow 1200mV 0C Model Setup 'rom1:inst|altsyncram:altsyncram_component|altsyncram_mr91:auto_generated|ram_block1a0~porta_address_reg0'
Slack : -4.582
TNS   : -59.712

Type  : Slow 1200mV 0C Model Hold 'rom1:inst|altsyncram:altsyncram_component|altsyncram_mr91:auto_generated|ram_block1a0~porta_address_reg0'
Slack : -2.105
TNS   : -17.445

Type  : Slow 1200mV 0C Model Hold 'decoder:inst1|MR'
Slack : 0.021
TNS   : 0.000

Type  : Slow 1200mV 0C Model Hold 'decoder:inst1|ALUC[0]'
Slack : 0.041
TNS   : 0.000

Type  : Slow 1200mV 0C Model Hold 'clk_pc'
Slack : 0.313
TNS   : 0.000

Type  : Slow 1200mV 0C Model Hold 'clk_reg'
Slack : 0.800
TNS   : 0.000

Type  : Slow 1200mV 0C Model Minimum Pulse Width 'clk_reg'
Slack : -3.000
TNS   : -55.176

Type  : Slow 1200mV 0C Model Minimum Pulse Width 'clk_pc'
Slack : -3.000
TNS   : -35.348

Type  : Slow 1200mV 0C Model Minimum Pulse Width 'rom1:inst|altsyncram:altsyncram_component|altsyncram_mr91:auto_generated|ram_block1a0~porta_address_reg0'
Slack : -0.361
TNS   : -21.043

Type  : Slow 1200mV 0C Model Minimum Pulse Width 'decoder:inst1|ALUC[0]'
Slack : 0.433
TNS   : 0.000

Type  : Slow 1200mV 0C Model Minimum Pulse Width 'decoder:inst1|MR'
Slack : 0.465
TNS   : 0.000

Type  : Fast 1200mV 0C Model Setup 'decoder:inst1|ALUC[0]'
Slack : -6.040
TNS   : -6.040

Type  : Fast 1200mV 0C Model Setup 'decoder:inst1|MR'
Slack : -3.738
TNS   : -67.463

Type  : Fast 1200mV 0C Model Setup 'clk_pc'
Slack : -3.226
TNS   : -82.772

Type  : Fast 1200mV 0C Model Setup 'clk_reg'
Slack : -2.913
TNS   : -16.208

Type  : Fast 1200mV 0C Model Setup 'rom1:inst|altsyncram:altsyncram_component|altsyncram_mr91:auto_generated|ram_block1a0~porta_address_reg0'
Slack : -2.750
TNS   : -33.757

Type  : Fast 1200mV 0C Model Hold 'rom1:inst|altsyncram:altsyncram_component|altsyncram_mr91:auto_generated|ram_block1a0~porta_address_reg0'
Slack : -1.573
TNS   : -13.114

Type  : Fast 1200mV 0C Model Hold 'clk_pc'
Slack : -0.425
TNS   : -4.276

Type  : Fast 1200mV 0C Model Hold 'decoder:inst1|MR'
Slack : -0.394
TNS   : -3.390

Type  : Fast 1200mV 0C Model Hold 'decoder:inst1|ALUC[0]'
Slack : 0.032
TNS   : 0.000

Type  : Fast 1200mV 0C Model Hold 'clk_reg'
Slack : 0.451
TNS   : 0.000

Type  : Fast 1200mV 0C Model Minimum Pulse Width 'clk_pc'
Slack : -3.000
TNS   : -35.838

Type  : Fast 1200mV 0C Model Minimum Pulse Width 'clk_reg'
Slack : -3.000
TNS   : -29.908

Type  : Fast 1200mV 0C Model Minimum Pulse Width 'rom1:inst|altsyncram:altsyncram_component|altsyncram_mr91:auto_generated|ram_block1a0~porta_address_reg0'
Slack : -0.223
TNS   : -6.696

Type  : Fast 1200mV 0C Model Minimum Pulse Width 'decoder:inst1|MR'
Slack : 0.389
TNS   : 0.000

Type  : Fast 1200mV 0C Model Minimum Pulse Width 'decoder:inst1|ALUC[0]'
Slack : 0.448
TNS   : 0.000

------------------------------------------------------------
