------------------------------------------------------------
Timing Analyzer Summary
------------------------------------------------------------

Type  : Slow 1200mV 85C Model Setup 'decoder:inst1|ALUC[0]'
Slack : -13.142
TNS   : -210.574

Type  : Slow 1200mV 85C Model Setup 'inst9|altpll_component|auto_generated|pll1|clk[4]'
Slack : -10.527
TNS   : -4614.590

Type  : Slow 1200mV 85C Model Setup 'inst9|altpll_component|auto_generated|pll1|clk[0]'
Slack : -9.782
TNS   : -798.488

Type  : Slow 1200mV 85C Model Setup 'inst9|altpll_component|auto_generated|pll1|clk[3]'
Slack : -9.222
TNS   : -139.499

Type  : Slow 1200mV 85C Model Setup 'inst9|altpll_component|auto_generated|pll1|clk[2]'
Slack : -8.284
TNS   : -52.257

Type  : Slow 1200mV 85C Model Setup 'rom1:inst|altsyncram:altsyncram_component|altsyncram_mr91:auto_generated|ram_block1a0~porta_address_reg0'
Slack : -4.599
TNS   : -86.094

Type  : Slow 1200mV 85C Model Setup 'inst9|altpll_component|auto_generated|pll1|clk[1]'
Slack : -2.136
TNS   : -2.136

Type  : Slow 1200mV 85C Model Setup 'nRST'
Slack : 1.609
TNS   : 0.000

Type  : Slow 1200mV 85C Model Hold 'nRST'
Slack : -2.121
TNS   : -2.121

Type  : Slow 1200mV 85C Model Hold 'decoder:inst1|ALUC[0]'
Slack : -0.849
TNS   : -0.849

Type  : Slow 1200mV 85C Model Hold 'inst9|altpll_component|auto_generated|pll1|clk[0]'
Slack : -0.008
TNS   : -0.028

Type  : Slow 1200mV 85C Model Hold 'rom1:inst|altsyncram:altsyncram_component|altsyncram_mr91:auto_generated|ram_block1a0~porta_address_reg0'
Slack : 0.069
TNS   : 0.000

Type  : Slow 1200mV 85C Model Hold 'inst9|altpll_component|auto_generated|pll1|clk[2]'
Slack : 0.358
TNS   : 0.000

Type  : Slow 1200mV 85C Model Hold 'inst9|altpll_component|auto_generated|pll1|clk[1]'
Slack : 1.356
TNS   : 0.000

Type  : Slow 1200mV 85C Model Hold 'inst9|altpll_component|auto_generated|pll1|clk[4]'
Slack : 2.238
TNS   : 0.000

Type  : Slow 1200mV 85C Model Hold 'inst9|altpll_component|auto_generated|pll1|clk[3]'
Slack : 3.085
TNS   : 0.000

Type  : Slow 1200mV 85C Model Recovery 'inst9|altpll_component|auto_generated|pll1|clk[4]'
Slack : -2.197
TNS   : -915.132

Type  : Slow 1200mV 85C Model Recovery 'inst9|altpll_component|auto_generated|pll1|clk[3]'
Slack : -2.190
TNS   : -30.304

Type  : Slow 1200mV 85C Model Recovery 'inst9|altpll_component|auto_generated|pll1|clk[0]'
Slack : -1.866
TNS   : -19.772

Type  : Slow 1200mV 85C Model Removal 'inst9|altpll_component|auto_generated|pll1|clk[0]'
Slack : 1.230
TNS   : 0.000

Type  : Slow 1200mV 85C Model Removal 'inst9|altpll_component|auto_generated|pll1|clk[4]'
Slack : 1.281
TNS   : 0.000

Type  : Slow 1200mV 85C Model Removal 'inst9|altpll_component|auto_generated|pll1|clk[3]'
Slack : 1.289
TNS   : 0.000

Type  : Slow 1200mV 85C Model Minimum Pulse Width 'nRST'
Slack : -3.000
TNS   : -3.000

Type  : Slow 1200mV 85C Model Minimum Pulse Width 'rom1:inst|altsyncram:altsyncram_component|altsyncram_mr91:auto_generated|ram_block1a0~porta_address_reg0'
Slack : -0.833
TNS   : -108.519

Type  : Slow 1200mV 85C Model Minimum Pulse Width 'decoder:inst1|ALUC[0]'
Slack : 0.388
TNS   : 0.000

Type  : Slow 1200mV 85C Model Minimum Pulse Width 'inst9|altpll_component|auto_generated|pll1|clk[1]'
Slack : 9.739
TNS   : 0.000

Type  : Slow 1200mV 85C Model Minimum Pulse Width 'inst9|altpll_component|auto_generated|pll1|clk[2]'
Slack : 9.739
TNS   : 0.000

Type  : Slow 1200mV 85C Model Minimum Pulse Width 'inst9|altpll_component|auto_generated|pll1|clk[4]'
Slack : 9.748
TNS   : 0.000

Type  : Slow 1200mV 85C Model Minimum Pulse Width 'inst9|altpll_component|auto_generated|pll1|clk[0]'
Slack : 9.751
TNS   : 0.000

Type  : Slow 1200mV 85C Model Minimum Pulse Width 'inst9|altpll_component|auto_generated|pll1|clk[3]'
Slack : 9.753
TNS   : 0.000

Type  : Slow 1200mV 85C Model Minimum Pulse Width 'de0_clk'
Slack : 9.834
TNS   : 0.000

Type  : Slow 1200mV 0C Model Setup 'decoder:inst1|ALUC[0]'
Slack : -11.712
TNS   : -187.242

Type  : Slow 1200mV 0C Model Setup 'inst9|altpll_component|auto_generated|pll1|clk[4]'
Slack : -9.340
TNS   : -4080.059

Type  : Slow 1200mV 0C Model Setup 'inst9|altpll_component|auto_generated|pll1|clk[0]'
Slack : -8.613
TNS   : -704.036

Type  : Slow 1200mV 0C Model Setup 'inst9|altpll_component|auto_generated|pll1|clk[3]'
Slack : -8.126
TNS   : -122.801

Type  : Slow 1200mV 0C Model Setup 'inst9|altpll_component|auto_generated|pll1|clk[2]'
Slack : -7.315
TNS   : -45.934

Type  : Slow 1200mV 0C Model Setup 'rom1:inst|altsyncram:altsyncram_component|altsyncram_mr91:auto_generated|ram_block1a0~porta_address_reg0'
Slack : -4.100
TNS   : -76.580

Type  : Slow 1200mV 0C Model Setup 'inst9|altpll_component|auto_generated|pll1|clk[1]'
Slack : -1.879
TNS   : -1.879

Type  : Slow 1200mV 0C Model Setup 'nRST'
Slack : 1.487
TNS   : 0.000

Type  : Slow 1200mV 0C Model Hold 'nRST'
Slack : -1.856
TNS   : -1.856

Type  : Slow 1200mV 0C Model Hold 'decoder:inst1|ALUC[0]'
Slack : -0.748
TNS   : -0.748

Type  : Slow 1200mV 0C Model Hold 'inst9|altpll_component|auto_generated|pll1|clk[0]'
Slack : -0.019
TNS   : -0.147

Type  : Slow 1200mV 0C Model Hold 'rom1:inst|altsyncram:altsyncram_component|altsyncram_mr91:auto_generated|ram_block1a0~porta_address_reg0'
Slack : 0.132
TNS   : 0.000

Type  : Slow 1200mV 0C Model Hold 'inst9|altpll_component|auto_generated|pll1|clk[2]'
Slack : 0.312
TNS   : 0.000

Type  : Slow 1200mV 0C Model Hold 'inst9|altpll_component|auto_generated|pll1|clk[1]'
Slack : 1.187
TNS   : 0.000

Type  : Slow 1200mV 0C Model Hold 'inst9|altpll_component|auto_generated|pll1|clk[4]'
Slack : 1.942
TNS   : 0.000

Type  : Slow 1200mV 0C Model Hold 'inst9|altpll_component|auto_generated|pll1|clk[3]'
Slack : 2.736
TNS   : 0.000

Type  : Slow 1200mV 0C Model Recovery 'inst9|altpll_component|auto_generated|pll1|clk[4]'
Slack : -1.859
TNS   : -768.243

Type  : Slow 1200mV 0C Model Recovery 'inst9|altpll_component|auto_generated|pll1|clk[3]'
Slack : -1.849
TNS   : -25.336

Type  : Slow 1200mV 0C Model Recovery 'inst9|altpll_component|auto_generated|pll1|clk[0]'
Slack : -1.564
TNS   : -16.504

Type  : Slow 1200mV 0C Model Removal 'inst9|altpll_component|auto_generated|pll1|clk[0]'
Slack : 1.040
TNS   : 0.000

Type  : Slow 1200mV 0C Model Removal 'inst9|altpll_component|auto_generated|pll1|clk[4]'
Slack : 1.083
TNS   : 0.000

Type  : Slow 1200mV 0C Model Removal 'inst9|altpll_component|auto_generated|pll1|clk[3]'
Slack : 1.089
TNS   : 0.000

Type  : Slow 1200mV 0C Model Minimum Pulse Width 'nRST'
Slack : -3.000
TNS   : -3.000

Type  : Slow 1200mV 0C Model Minimum Pulse Width 'rom1:inst|altsyncram:altsyncram_component|altsyncram_mr91:auto_generated|ram_block1a0~porta_address_reg0'
Slack : -0.698
TNS   : -88.630

Type  : Slow 1200mV 0C Model Minimum Pulse Width 'decoder:inst1|ALUC[0]'
Slack : 0.459
TNS   : 0.000

Type  : Slow 1200mV 0C Model Minimum Pulse Width 'inst9|altpll_component|auto_generated|pll1|clk[4]'
Slack : 9.741
TNS   : 0.000

Type  : Slow 1200mV 0C Model Minimum Pulse Width 'inst9|altpll_component|auto_generated|pll1|clk[0]'
Slack : 9.745
TNS   : 0.000

Type  : Slow 1200mV 0C Model Minimum Pulse Width 'inst9|altpll_component|auto_generated|pll1|clk[1]'
Slack : 9.745
TNS   : 0.000

Type  : Slow 1200mV 0C Model Minimum Pulse Width 'inst9|altpll_component|auto_generated|pll1|clk[2]'
Slack : 9.745
TNS   : 0.000

Type  : Slow 1200mV 0C Model Minimum Pulse Width 'inst9|altpll_component|auto_generated|pll1|clk[3]'
Slack : 9.745
TNS   : 0.000

Type  : Slow 1200mV 0C Model Minimum Pulse Width 'de0_clk'
Slack : 9.817
TNS   : 0.000

Type  : Fast 1200mV 0C Model Setup 'decoder:inst1|ALUC[0]'
Slack : -7.066
TNS   : -114.157

Type  : Fast 1200mV 0C Model Setup 'inst9|altpll_component|auto_generated|pll1|clk[4]'
Slack : -5.772
TNS   : -2518.975

Type  : Fast 1200mV 0C Model Setup 'inst9|altpll_component|auto_generated|pll1|clk[0]'
Slack : -5.346
TNS   : -434.726

Type  : Fast 1200mV 0C Model Setup 'inst9|altpll_component|auto_generated|pll1|clk[3]'
Slack : -5.028
TNS   : -75.738

Type  : Fast 1200mV 0C Model Setup 'inst9|altpll_component|auto_generated|pll1|clk[2]'
Slack : -4.446
TNS   : -27.453

Type  : Fast 1200mV 0C Model Setup 'rom1:inst|altsyncram:altsyncram_component|altsyncram_mr91:auto_generated|ram_block1a0~porta_address_reg0'
Slack : -2.676
TNS   : -50.542

Type  : Fast 1200mV 0C Model Setup 'inst9|altpll_component|auto_generated|pll1|clk[1]'
Slack : -1.350
TNS   : -1.350

Type  : Fast 1200mV 0C Model Setup 'nRST'
Slack : 1.321
TNS   : 0.000

Type  : Fast 1200mV 0C Model Hold 'nRST'
Slack : -1.297
TNS   : -1.297

Type  : Fast 1200mV 0C Model Hold 'decoder:inst1|ALUC[0]'
Slack : -0.554
TNS   : -0.554

Type  : Fast 1200mV 0C Model Hold 'rom1:inst|altsyncram:altsyncram_component|altsyncram_mr91:auto_generated|ram_block1a0~porta_address_reg0'
Slack : -0.049
TNS   : -0.056

Type  : Fast 1200mV 0C Model Hold 'inst9|altpll_component|auto_generated|pll1|clk[0]'
Slack : -0.027
TNS   : -0.209

Type  : Fast 1200mV 0C Model Hold 'inst9|altpll_component|auto_generated|pll1|clk[2]'
Slack : 0.187
TNS   : 0.000

Type  : Fast 1200mV 0C Model Hold 'inst9|altpll_component|auto_generated|pll1|clk[1]'
Slack : 0.761
TNS   : 0.000

Type  : Fast 1200mV 0C Model Hold 'inst9|altpll_component|auto_generated|pll1|clk[4]'
Slack : 1.293
TNS   : 0.000

Type  : Fast 1200mV 0C Model Hold 'inst9|altpll_component|auto_generated|pll1|clk[3]'
Slack : 1.485
TNS   : 0.000

Type  : Fast 1200mV 0C Model Recovery 'inst9|altpll_component|auto_generated|pll1|clk[4]'
Slack : -1.426
TNS   : -604.107

Type  : Fast 1200mV 0C Model Recovery 'inst9|altpll_component|auto_generated|pll1|clk[3]'
Slack : -1.419
TNS   : -20.158

Type  : Fast 1200mV 0C Model Recovery 'inst9|altpll_component|auto_generated|pll1|clk[0]'
Slack : -1.246
TNS   : -13.279

Type  : Fast 1200mV 0C Model Removal 'inst9|altpll_component|auto_generated|pll1|clk[0]'
Slack : 0.696
TNS   : 0.000

Type  : Fast 1200mV 0C Model Removal 'inst9|altpll_component|auto_generated|pll1|clk[4]'
Slack : 0.732
TNS   : 0.000

Type  : Fast 1200mV 0C Model Removal 'inst9|altpll_component|auto_generated|pll1|clk[3]'
Slack : 0.737
TNS   : 0.000

Type  : Fast 1200mV 0C Model Minimum Pulse Width 'nRST'
Slack : -3.000
TNS   : -3.000

Type  : Fast 1200mV 0C Model Minimum Pulse Width 'rom1:inst|altsyncram:altsyncram_component|altsyncram_mr91:auto_generated|ram_block1a0~porta_address_reg0'
Slack : -0.321
TNS   : -30.865

Type  : Fast 1200mV 0C Model Minimum Pulse Width 'decoder:inst1|ALUC[0]'
Slack : 0.345
TNS   : 0.000

Type  : Fast 1200mV 0C Model Minimum Pulse Width 'de0_clk'
Slack : 9.584
TNS   : 0.000

Type  : Fast 1200mV 0C Model Minimum Pulse Width 'inst9|altpll_component|auto_generated|pll1|clk[1]'
Slack : 9.751
TNS   : 0.000

Type  : Fast 1200mV 0C Model Minimum Pulse Width 'inst9|altpll_component|auto_generated|pll1|clk[2]'
Slack : 9.751
TNS   : 0.000

Type  : Fast 1200mV 0C Model Minimum Pulse Width 'inst9|altpll_component|auto_generated|pll1|clk[0]'
Slack : 9.769
TNS   : 0.000

Type  : Fast 1200mV 0C Model Minimum Pulse Width 'inst9|altpll_component|auto_generated|pll1|clk[4]'
Slack : 9.781
TNS   : 0.000

Type  : Fast 1200mV 0C Model Minimum Pulse Width 'inst9|altpll_component|auto_generated|pll1|clk[3]'
Slack : 9.783
TNS   : 0.000

------------------------------------------------------------
