------------------------------------------------------------
Timing Analyzer Summary
------------------------------------------------------------

Type  : Slow 1200mV 85C Model Setup 'clk'
Slack : -4.733
TNS   : -2337.359

Type  : Slow 1200mV 85C Model Setup 'rom1:inst|altsyncram:altsyncram_component|altsyncram_1591:auto_generated|q_a[14]'
Slack : -3.924
TNS   : -33.866

Type  : Slow 1200mV 85C Model Hold 'rom1:inst|altsyncram:altsyncram_component|altsyncram_1591:auto_generated|q_a[14]'
Slack : 0.044
TNS   : 0.000

Type  : Slow 1200mV 85C Model Hold 'clk'
Slack : 0.324
TNS   : 0.000

Type  : Slow 1200mV 85C Model Minimum Pulse Width 'clk'
Slack : -3.000
TNS   : -618.132

Type  : Slow 1200mV 85C Model Minimum Pulse Width 'rom1:inst|altsyncram:altsyncram_component|altsyncram_1591:auto_generated|q_a[14]'
Slack : 0.410
TNS   : 0.000

Type  : Slow 1200mV 0C Model Setup 'clk'
Slack : -4.166
TNS   : -2041.341

Type  : Slow 1200mV 0C Model Setup 'rom1:inst|altsyncram:altsyncram_component|altsyncram_1591:auto_generated|q_a[14]'
Slack : -3.509
TNS   : -29.180

Type  : Slow 1200mV 0C Model Hold 'rom1:inst|altsyncram:altsyncram_component|altsyncram_1591:auto_generated|q_a[14]'
Slack : 0.120
TNS   : 0.000

Type  : Slow 1200mV 0C Model Hold 'clk'
Slack : 0.319
TNS   : 0.000

Type  : Slow 1200mV 0C Model Minimum Pulse Width 'clk'
Slack : -3.000
TNS   : -618.132

Type  : Slow 1200mV 0C Model Minimum Pulse Width 'rom1:inst|altsyncram:altsyncram_component|altsyncram_1591:auto_generated|q_a[14]'
Slack : 0.459
TNS   : 0.000

Type  : Fast 1200mV 0C Model Setup 'clk'
Slack : -2.424
TNS   : -1158.802

Type  : Fast 1200mV 0C Model Setup 'rom1:inst|altsyncram:altsyncram_component|altsyncram_1591:auto_generated|q_a[14]'
Slack : -1.957
TNS   : -11.676

Type  : Fast 1200mV 0C Model Hold 'rom1:inst|altsyncram:altsyncram_component|altsyncram_1591:auto_generated|q_a[14]'
Slack : 0.004
TNS   : 0.000

Type  : Fast 1200mV 0C Model Hold 'clk'
Slack : 0.163
TNS   : 0.000

Type  : Fast 1200mV 0C Model Minimum Pulse Width 'clk'
Slack : -3.000
TNS   : -640.547

Type  : Fast 1200mV 0C Model Minimum Pulse Width 'rom1:inst|altsyncram:altsyncram_component|altsyncram_1591:auto_generated|q_a[14]'
Slack : 0.305
TNS   : 0.000

------------------------------------------------------------
